<?xml version="1.0" encoding="UTF-8"?>
<testsuites name="jest tests" tests="2" failures="0" errors="0" time="0.515">
  <testsuite name="undefined" errors="0" failures="0" skipped="0" timestamp="2025-10-21T05:50:37" time="0.405" tests="2">
    <testcase classname=" health endpoint returns JSON ok" name=" health endpoint returns JSON ok" time="0.007">
    </testcase>
    <testcase classname=" root returns greeting" name=" root returns greeting" time="0.001">
    </testcase>
  </testsuite>
</testsuites>