<?xml version="1.0" encoding="UTF-8"?>
<testsuites name="Jest Tests" tests="2" failures="0" errors="0" time="0.709">
  <testsuite name="tests/test_app.test.js" errors="0" failures="0" skipped="0" timestamp="2025-10-21T11:24:33" time="0.565" tests="2">
    <testcase classname=" - health endpoint returns JSON ok" name="health endpoint returns JSON ok" time="0.007">
    </testcase>
    <testcase classname=" - root returns greeting" name="root returns greeting" time="0.002">
    </testcase>
  </testsuite>
</testsuites>